<body><pre><span style="color:blue;">&lt;<span style="color:purple;">bookstore</span>&gt;</span>
</pre><pre>    <span style="color:blue;">&lt;<span style="color:purple;">book</span>&gt;</span>
</pre><pre>        <span style="color:blue;">&lt;<span style="color:purple;">title</span>&gt;</span>Everyday Italian<span style="color:blue;">&lt;<span style="color:purple;"></span><span style="color:blue;">/</span><span style="color:purple;">title</span>&gt;</span>
</pre><pre>        <span style="color:blue;">&lt;<span style="color:purple;">author</span>&gt;</span>Giada De Laurentiis<span style="color:blue;">&lt;<span style="color:purple;"></span><span style="color:blue;">/</span><span style="color:purple;">author</span>&gt;</span>
</pre><pre>        <span style="color:blue;">&lt;<span style="color:purple;">year</span>&gt;</span>2005<span style="color:blue;">&lt;<span style="color:purple;"></span><span style="color:blue;">/</span><span style="color:purple;">year</span>&gt;</span>
</pre><pre>        <span style="color:blue;">&lt;<span style="color:purple;">price</span>&gt;</span>30.00<span style="color:blue;">&lt;<span style="color:purple;"></span><span style="color:blue;">/</span><span style="color:purple;">price</span>&gt;</span>
</pre><pre>    <span style="color:blue;">&lt;<span style="color:purple;"></span><span style="color:blue;">/</span><span style="color:purple;">book</span>&gt;</span>
</pre><pre>    <span style="color:blue;">&lt;<span style="color:purple;">book</span>&gt;</span>
</pre><pre>        <span style="color:blue;">&lt;<span style="color:purple;">title</span>&gt;</span>Harry Potter<span style="color:blue;">&lt;<span style="color:purple;"></span><span style="color:blue;">/</span><span style="color:purple;">title</span>&gt;</span>
</pre><pre>        <span style="color:blue;">&lt;<span style="color:purple;">author</span>&gt;</span>J K. Rowling<span style="color:blue;">&lt;<span style="color:purple;"></span><span style="color:blue;">/</span><span style="color:purple;">author</span>&gt;</span>
</pre><pre>        <span style="color:blue;">&lt;<span style="color:purple;">year</span>&gt;</span>2005<span style="color:blue;">&lt;<span style="color:purple;"></span><span style="color:blue;">/</span><span style="color:purple;">year</span>&gt;</span>
</pre><pre>        <span style="color:blue;">&lt;<span style="color:purple;">price</span>&gt;</span>29.99<span style="color:blue;">&lt;<span style="color:purple;"></span><span style="color:blue;">/</span><span style="color:purple;">price</span>&gt;</span>
</pre><pre>    <span style="color:blue;">&lt;<span style="color:purple;"></span><span style="color:blue;">/</span><span style="color:purple;">book</span>&gt;</span>
</pre><pre>    <span style="color:blue;">&lt;<span style="color:purple;">book</span>&gt;</span>
</pre><pre>        <span style="color:blue;">&lt;<span style="color:purple;">title</span>&gt;</span>Learning XML<span style="color:blue;">&lt;<span style="color:purple;"></span><span style="color:blue;">/</span><span style="color:purple;">title</span>&gt;</span>
</pre><pre>        <span style="color:blue;">&lt;<span style="color:purple;">author</span>&gt;</span>Erik T. Ray<span style="color:blue;">&lt;<span style="color:purple;"></span><span style="color:blue;">/</span><span style="color:purple;">author</span>&gt;</span>
</pre><pre>        <span style="color:blue;">&lt;<span style="color:purple;">year</span>&gt;</span>2003<span style="color:blue;">&lt;<span style="color:purple;"></span><span style="color:blue;">/</span><span style="color:purple;">year</span>&gt;</span>
</pre><pre>        <span style="color:blue;">&lt;<span style="color:purple;">price</span>&gt;</span>39.95<span style="color:blue;">&lt;<span style="color:purple;"></span><span style="color:blue;">/</span><span style="color:purple;">price</span>&gt;</span>
</pre><pre>    <span style="color:blue;">&lt;<span style="color:purple;"></span><span style="color:blue;">/</span><span style="color:purple;">book</span>&gt;</span>
</pre><pre><span style="color:blue;">&lt;<span style="color:purple;"></span><span style="color:blue;">/</span><span style="color:purple;">bookstore</span>&gt;</span></pre></body>