(1, 1):         {                                       [CURLY_OPEN]
(2, 3):         "person"                                [STRING]
(2, 11):        :                                       [COLON]
(2, 13):        {                                       [CURLY_OPEN]
(3, 5):         "name"                                  [STRING]
(3, 11):        :                                       [COLON]
(3, 13):        "sonoo"                                 [STRING]
(3, 20):        ,                                       [COMMA]
(4, 5):         "height"                                [STRING]
(4, 13):        :                                       [COLON]
(4, 15):        170.3                                   [NUMBER]
(4, 20):        ,                                       [COMMA]
(5, 5):         "married"                               [STRING]
(5, 14):        :                                       [COLON]
(5, 16):        false                                   [BOOLEAN]
(6, 3):         }                                       [CURLY_CLOSE]
(7, 1):         }                                       [CURLY_CLOSE]
