First Set:
  FIRST(Expr) = { 'ident' }
  FIRST(Term) = { 'ident' }
  FIRST(Factor) = { 'ident' }
  FIRST(S) = { 'ident' }
________________________________________
ALL ITEM SETS:
Item Set 0 :
  [Expr -> *Term, EOS]
  [Expr -> *Term-Expr, EOS]
  [Factor -> *ident, -]
  [Factor -> *ident, EOS]
  [Factor -> *ident, x]
  [S -> *Expr, EOS]
  [Term -> *Factor, -]
  [Term -> *Factor, EOS]
  [Term -> *FactorxTerm, -]
  [Term -> *FactorxTerm, EOS]
________________________________________
Item Set 1 :
  [S -> Expr*, EOS]
________________________________________
Item Set 2 :
  [Expr -> Term*, EOS]
  [Expr -> Term*-Expr, EOS]
________________________________________
Item Set 3 :
  [Term -> Factor*, -]
  [Term -> Factor*, EOS]
  [Term -> Factor*xTerm, -]
  [Term -> Factor*xTerm, EOS]
________________________________________
Item Set 4 :
  [Factor -> ident*, -]
  [Factor -> ident*, EOS]
  [Factor -> ident*, x]
________________________________________
Item Set 5 :
  [Expr -> *Term, EOS]
  [Expr -> *Term-Expr, EOS]
  [Expr -> Term-*Expr, EOS]
  [Factor -> *ident, -]
  [Factor -> *ident, EOS]
  [Factor -> *ident, x]
  [Term -> *Factor, -]
  [Term -> *Factor, EOS]
  [Term -> *FactorxTerm, -]
  [Term -> *FactorxTerm, EOS]
________________________________________
Item Set 6 :
  [Factor -> *ident, -]
  [Factor -> *ident, EOS]
  [Factor -> *ident, x]
  [Term -> *Factor, -]
  [Term -> *Factor, EOS]
  [Term -> *FactorxTerm, -]
  [Term -> *FactorxTerm, EOS]
  [Term -> Factorx*Term, -]
  [Term -> Factorx*Term, EOS]
________________________________________
Item Set 7 :
  [Expr -> Term-Expr*, EOS]
________________________________________
Item Set 8 :
  [Term -> FactorxTerm*, -]
  [Term -> FactorxTerm*, EOS]
________________________________________
GOTO TABLE:
  GOTO(0, Expr) = 1
  GOTO(0, Factor) = 3
  GOTO(0, Term) = 2
  GOTO(0, ident) = 4
  GOTO(2, -) = 5
  GOTO(3, x) = 6
  GOTO(5, Expr) = 7
  GOTO(5, Factor) = 3
  GOTO(5, Term) = 2
  GOTO(5, ident) = 4
  GOTO(6, Factor) = 3
  GOTO(6, Term) = 8
  GOTO(6, ident) = 4
________________________________________
ACTION TABLE:
  ACTION(0, ident) = shift4
  ACTION(1, EOS) = accept
  ACTION(2, -) = shift5
  ACTION(2, EOS) = reduceExpr->Term*
  ACTION(3, -) = reduceTerm->Factor*
  ACTION(3, EOS) = reduceTerm->Factor*
  ACTION(3, x) = shift6
  ACTION(4, -) = reduceFactor->ident*
  ACTION(4, EOS) = reduceFactor->ident*
  ACTION(4, x) = reduceFactor->ident*
  ACTION(5, ident) = shift4
  ACTION(6, ident) = shift4
  ACTION(7, EOS) = reduceExpr->Term-Expr*
  ACTION(8, -) = reduceTerm->FactorxTerm*
  ACTION(8, EOS) = reduceTerm->FactorxTerm*
________________________________________
