=== 0 ===
json                ->        • element                                       (0)
element             ->        • value                                         (0)
value               ->        • object                                        (0)
value               ->        • array                                         (0)
value               ->        • STRING                                        (0)
value               ->        • NUMBER                                        (0)
value               ->        • BOOLEAN                                       (0)
value               ->        • NULL                                          (0)
object              ->        • CURLY_OPEN CURLY_CLOSE                        (0)
object              ->        • CURLY_OPEN members CURLY_CLOSE                (0)
array               ->        • ARRAY_OPEN ARRAY_CLOSE                        (0)
array               ->        • ARRAY_OPEN elements ARRAY_CLOSE               (0)

=== 1 ===
array               ->        ARRAY_OPEN • ARRAY_CLOSE                        (0)
array               ->        ARRAY_OPEN • elements ARRAY_CLOSE               (0)
elements            ->        • element                                       (1)
elements            ->        • element COMMA elements                        (1)
element             ->        • value                                         (1)
value               ->        • object                                        (1)
value               ->        • array                                         (1)
value               ->        • STRING                                        (1)
value               ->        • NUMBER                                        (1)
value               ->        • BOOLEAN                                       (1)
value               ->        • NULL                                          (1)
object              ->        • CURLY_OPEN CURLY_CLOSE                        (1)
object              ->        • CURLY_OPEN members CURLY_CLOSE                (1)
array               ->        • ARRAY_OPEN ARRAY_CLOSE                        (1)
array               ->        • ARRAY_OPEN elements ARRAY_CLOSE               (1)

=== 2 ===
value               ->        STRING •                                        (1)
element             ->        value •                                         (1)
elements            ->        element •                                       (1)
elements            ->        element • COMMA elements                        (1)
array               ->        ARRAY_OPEN elements • ARRAY_CLOSE               (0)

=== 3 ===
elements            ->        element COMMA • elements                        (1)
elements            ->        • element                                       (3)
elements            ->        • element COMMA elements                        (3)
element             ->        • value                                         (3)
value               ->        • object                                        (3)
value               ->        • array                                         (3)
value               ->        • STRING                                        (3)
value               ->        • NUMBER                                        (3)
value               ->        • BOOLEAN                                       (3)
value               ->        • NULL                                          (3)
object              ->        • CURLY_OPEN CURLY_CLOSE                        (3)
object              ->        • CURLY_OPEN members CURLY_CLOSE                (3)
array               ->        • ARRAY_OPEN ARRAY_CLOSE                        (3)
array               ->        • ARRAY_OPEN elements ARRAY_CLOSE               (3)

=== 4 ===
object              ->        CURLY_OPEN • CURLY_CLOSE                        (3)
object              ->        CURLY_OPEN • members CURLY_CLOSE                (3)
members             ->        • member                                        (4)
members             ->        • member COMMA members                          (4)
member              ->        • STRING COLON element                          (4)

=== 5 ===
member              ->        STRING • COLON element                          (4)

=== 6 ===
member              ->        STRING COLON • element                          (4)
element             ->        • value                                         (6)
value               ->        • object                                        (6)
value               ->        • array                                         (6)
value               ->        • STRING                                        (6)
value               ->        • NUMBER                                        (6)
value               ->        • BOOLEAN                                       (6)
value               ->        • NULL                                          (6)
object              ->        • CURLY_OPEN CURLY_CLOSE                        (6)
object              ->        • CURLY_OPEN members CURLY_CLOSE                (6)
array               ->        • ARRAY_OPEN ARRAY_CLOSE                        (6)
array               ->        • ARRAY_OPEN elements ARRAY_CLOSE               (6)

=== 7 ===
array               ->        ARRAY_OPEN • ARRAY_CLOSE                        (6)
array               ->        ARRAY_OPEN • elements ARRAY_CLOSE               (6)
elements            ->        • element                                       (7)
elements            ->        • element COMMA elements                        (7)
element             ->        • value                                         (7)
value               ->        • object                                        (7)
value               ->        • array                                         (7)
value               ->        • STRING                                        (7)
value               ->        • NUMBER                                        (7)
value               ->        • BOOLEAN                                       (7)
value               ->        • NULL                                          (7)
object              ->        • CURLY_OPEN CURLY_CLOSE                        (7)
object              ->        • CURLY_OPEN members CURLY_CLOSE                (7)
array               ->        • ARRAY_OPEN ARRAY_CLOSE                        (7)
array               ->        • ARRAY_OPEN elements ARRAY_CLOSE               (7)

=== 8 ===
value               ->        STRING •                                        (7)
element             ->        value •                                         (7)
elements            ->        element •                                       (7)
elements            ->        element • COMMA elements                        (7)
array               ->        ARRAY_OPEN elements • ARRAY_CLOSE               (6)

=== 9 ===
elements            ->        element COMMA • elements                        (7)
elements            ->        • element                                       (9)
elements            ->        • element COMMA elements                        (9)
element             ->        • value                                         (9)
value               ->        • object                                        (9)
value               ->        • array                                         (9)
value               ->        • STRING                                        (9)
value               ->        • NUMBER                                        (9)
value               ->        • BOOLEAN                                       (9)
value               ->        • NULL                                          (9)
object              ->        • CURLY_OPEN CURLY_CLOSE                        (9)
object              ->        • CURLY_OPEN members CURLY_CLOSE                (9)
array               ->        • ARRAY_OPEN ARRAY_CLOSE                        (9)
array               ->        • ARRAY_OPEN elements ARRAY_CLOSE               (9)

=== 10 ===
value               ->        BOOLEAN •                                       (9)
element             ->        value •                                         (9)
elements            ->        element •                                       (9)
elements            ->        element • COMMA elements                        (9)
elements            ->        element COMMA elements •                        (7)
array               ->        ARRAY_OPEN elements • ARRAY_CLOSE               (6)

=== 11 ===
array               ->        ARRAY_OPEN elements ARRAY_CLOSE •               (6)
value               ->        array •                                         (6)
element             ->        value •                                         (6)
member              ->        STRING COLON element •                          (4)
members             ->        member •                                        (4)
members             ->        member • COMMA members                          (4)
object              ->        CURLY_OPEN members • CURLY_CLOSE                (3)

=== 12 ===
object              ->        CURLY_OPEN members CURLY_CLOSE •                (3)
value               ->        object •                                        (3)
element             ->        value •                                         (3)
elements            ->        element •                                       (3)
elements            ->        element • COMMA elements                        (3)
elements            ->        element COMMA elements •                        (1)
array               ->        ARRAY_OPEN elements • ARRAY_CLOSE               (0)

=== 13 ===
elements            ->        element COMMA • elements                        (3)
elements            ->        • element                                       (13)
elements            ->        • element COMMA elements                        (13)
element             ->        • value                                         (13)
value               ->        • object                                        (13)
value               ->        • array                                         (13)
value               ->        • STRING                                        (13)
value               ->        • NUMBER                                        (13)
value               ->        • BOOLEAN                                       (13)
value               ->        • NULL                                          (13)
object              ->        • CURLY_OPEN CURLY_CLOSE                        (13)
object              ->        • CURLY_OPEN members CURLY_CLOSE                (13)
array               ->        • ARRAY_OPEN ARRAY_CLOSE                        (13)
array               ->        • ARRAY_OPEN elements ARRAY_CLOSE               (13)

=== 14 ===
value               ->        NUMBER •                                        (13)
element             ->        value •                                         (13)
elements            ->        element •                                       (13)
elements            ->        element • COMMA elements                        (13)
elements            ->        element COMMA elements •                        (3)
elements            ->        element COMMA elements •                        (1)
array               ->        ARRAY_OPEN elements • ARRAY_CLOSE               (0)

=== 15 ===
array               ->        ARRAY_OPEN elements ARRAY_CLOSE •               (0)
value               ->        array •                                         (0)
element             ->        value •                                         (0)
json                ->        element •                                       (0)

