=== 0 ===
eml                 ->        • ROOT_OPEN members ROOT_CLOSE                  (0)

=== 1 ===
eml                 ->        ROOT_OPEN • members ROOT_CLOSE                  (0)
members             ->        • member                                        (1)
members             ->        • member members                                (1)
member              ->        • element                                       (1)
element             ->        • value                                         (1)
value               ->        • object                                        (1)
value               ->        • array                                         (1)
value               ->        • STRING                                        (1)
value               ->        • NUMBER                                        (1)
value               ->        • BOOLEAN                                       (1)
value               ->        • NULL                                          (1)
object              ->        • TAG_OPEN TAG_CLOSE                            (1)
object              ->        • TAG_OPEN members TAG_CLOSE                    (1)
array               ->        • ARRAY_TAG_OPEN ARRAY_TAG_CLOSE                (1)
array               ->        • ARRAY_TAG_OPEN elements ARRAY_TAG_CLOSE       (1)

=== 2 ===
object              ->        TAG_OPEN • TAG_CLOSE                            (1)
object              ->        TAG_OPEN • members TAG_CLOSE                    (1)
members             ->        • member                                        (2)
members             ->        • member members                                (2)
member              ->        • element                                       (2)
element             ->        • value                                         (2)
value               ->        • object                                        (2)
value               ->        • array                                         (2)
value               ->        • STRING                                        (2)
value               ->        • NUMBER                                        (2)
value               ->        • BOOLEAN                                       (2)
value               ->        • NULL                                          (2)
object              ->        • TAG_OPEN TAG_CLOSE                            (2)
object              ->        • TAG_OPEN members TAG_CLOSE                    (2)
array               ->        • ARRAY_TAG_OPEN ARRAY_TAG_CLOSE                (2)
array               ->        • ARRAY_TAG_OPEN elements ARRAY_TAG_CLOSE       (2)

=== 3 ===
array               ->        ARRAY_TAG_OPEN • ARRAY_TAG_CLOSE                (2)
array               ->        ARRAY_TAG_OPEN • elements ARRAY_TAG_CLOSE       (2)
elements            ->        • element                                       (3)
elements            ->        • element COMMA elements                        (3)
element             ->        • value                                         (3)
value               ->        • object                                        (3)
value               ->        • array                                         (3)
value               ->        • STRING                                        (3)
value               ->        • NUMBER                                        (3)
value               ->        • BOOLEAN                                       (3)
value               ->        • NULL                                          (3)
object              ->        • TAG_OPEN TAG_CLOSE                            (3)
object              ->        • TAG_OPEN members TAG_CLOSE                    (3)
array               ->        • ARRAY_TAG_OPEN ARRAY_TAG_CLOSE                (3)
array               ->        • ARRAY_TAG_OPEN elements ARRAY_TAG_CLOSE       (3)

=== 4 ===
array               ->        ARRAY_TAG_OPEN ARRAY_TAG_CLOSE •                (2)
value               ->        array •                                         (2)
element             ->        value •                                         (2)
member              ->        element •                                       (2)
members             ->        member •                                        (2)
members             ->        member • members                                (2)
object              ->        TAG_OPEN members • TAG_CLOSE                    (1)
members             ->        • member                                        (4)
members             ->        • member members                                (4)
member              ->        • element                                       (4)
element             ->        • value                                         (4)
value               ->        • object                                        (4)
value               ->        • array                                         (4)
value               ->        • STRING                                        (4)
value               ->        • NUMBER                                        (4)
value               ->        • BOOLEAN                                       (4)
value               ->        • NULL                                          (4)
object              ->        • TAG_OPEN TAG_CLOSE                            (4)
object              ->        • TAG_OPEN members TAG_CLOSE                    (4)
array               ->        • ARRAY_TAG_OPEN ARRAY_TAG_CLOSE                (4)
array               ->        • ARRAY_TAG_OPEN elements ARRAY_TAG_CLOSE       (4)

=== 5 ===
object              ->        TAG_OPEN • TAG_CLOSE                            (4)
object              ->        TAG_OPEN • members TAG_CLOSE                    (4)
members             ->        • member                                        (5)
members             ->        • member members                                (5)
member              ->        • element                                       (5)
element             ->        • value                                         (5)
value               ->        • object                                        (5)
value               ->        • array                                         (5)
value               ->        • STRING                                        (5)
value               ->        • NUMBER                                        (5)
value               ->        • BOOLEAN                                       (5)
value               ->        • NULL                                          (5)
object              ->        • TAG_OPEN TAG_CLOSE                            (5)
object              ->        • TAG_OPEN members TAG_CLOSE                    (5)
array               ->        • ARRAY_TAG_OPEN ARRAY_TAG_CLOSE                (5)
array               ->        • ARRAY_TAG_OPEN elements ARRAY_TAG_CLOSE       (5)

=== 6 ===
object              ->        TAG_OPEN TAG_CLOSE •                            (4)
value               ->        object •                                        (4)
element             ->        value •                                         (4)
member              ->        element •                                       (4)
members             ->        member •                                        (4)
members             ->        member • members                                (4)
members             ->        member members •                                (2)
members             ->        • member                                        (6)
members             ->        • member members                                (6)
object              ->        TAG_OPEN members • TAG_CLOSE                    (1)
member              ->        • element                                       (6)
element             ->        • value                                         (6)
value               ->        • object                                        (6)
value               ->        • array                                         (6)
value               ->        • STRING                                        (6)
value               ->        • NUMBER                                        (6)
value               ->        • BOOLEAN                                       (6)
value               ->        • NULL                                          (6)
object              ->        • TAG_OPEN TAG_CLOSE                            (6)
object              ->        • TAG_OPEN members TAG_CLOSE                    (6)
array               ->        • ARRAY_TAG_OPEN ARRAY_TAG_CLOSE                (6)
array               ->        • ARRAY_TAG_OPEN elements ARRAY_TAG_CLOSE       (6)

=== 7 ===
object              ->        TAG_OPEN members TAG_CLOSE •                    (1)
value               ->        object •                                        (1)
element             ->        value •                                         (1)
member              ->        element •                                       (1)
members             ->        member •                                        (1)
members             ->        member • members                                (1)
eml                 ->        ROOT_OPEN members • ROOT_CLOSE                  (0)
members             ->        • member                                        (7)
members             ->        • member members                                (7)
member              ->        • element                                       (7)
element             ->        • value                                         (7)
value               ->        • object                                        (7)
value               ->        • array                                         (7)
value               ->        • STRING                                        (7)
value               ->        • NUMBER                                        (7)
value               ->        • BOOLEAN                                       (7)
value               ->        • NULL                                          (7)
object              ->        • TAG_OPEN TAG_CLOSE                            (7)
object              ->        • TAG_OPEN members TAG_CLOSE                    (7)
array               ->        • ARRAY_TAG_OPEN ARRAY_TAG_CLOSE                (7)
array               ->        • ARRAY_TAG_OPEN elements ARRAY_TAG_CLOSE       (7)

=== 8 ===
eml                 ->        ROOT_OPEN members ROOT_CLOSE •                  (0)

