=== 0 ===
eml                 ->        • ROOT_OPEN members ROOT_CLOSE                  (0)

=== 1 ===
eml                 ->        ROOT_OPEN • members ROOT_CLOSE                  (0)
members             ->        • member                                        (1)
members             ->        • member members                                (1)
member              ->        • element                                       (1)
element             ->        • value                                         (1)
value               ->        • object                                        (1)
value               ->        • array                                         (1)
value               ->        • STRING                                        (1)
value               ->        • NUMBER                                        (1)
value               ->        • BOOLEAN                                       (1)
value               ->        • NULL                                          (1)
object              ->        • TAG_OPEN TAG_CLOSE                            (1)
object              ->        • TAG_OPEN members TAG_CLOSE                    (1)
array               ->        • ARRAY_TAG_OPEN ARRAY_TAG_CLOSE                (1)
array               ->        • ARRAY_TAG_OPEN elements ARRAY_TAG_CLOSE       (1)

=== 2 ===
object              ->        TAG_OPEN • TAG_CLOSE                            (1)
object              ->        TAG_OPEN • members TAG_CLOSE                    (1)
members             ->        • member                                        (2)
members             ->        • member members                                (2)
member              ->        • element                                       (2)
element             ->        • value                                         (2)
value               ->        • object                                        (2)
value               ->        • array                                         (2)
value               ->        • STRING                                        (2)
value               ->        • NUMBER                                        (2)
value               ->        • BOOLEAN                                       (2)
value               ->        • NULL                                          (2)
object              ->        • TAG_OPEN TAG_CLOSE                            (2)
object              ->        • TAG_OPEN members TAG_CLOSE                    (2)
array               ->        • ARRAY_TAG_OPEN ARRAY_TAG_CLOSE                (2)
array               ->        • ARRAY_TAG_OPEN elements ARRAY_TAG_CLOSE       (2)

