| {X}  |
| {}  | {S, T}  |
| {}  | {X}  | {}  |
| {}  | {}  | {S, T}  | {}  |
| {A}  | {A}  | {A}  | {B}  | {B}  |
false
| {S, T}  |
| {X}  | {}  |
| {}  | {S, T}  | {}  |
| {}  | {X}  | {}  | {}  |
| {}  | {}  | {S, T}  | {}  | {}  |
| {A}  | {A}  | {A}  | {B}  | {B}  | {B}  |
true
