=== 0 ===
json                ->        • element                                       (0)
element             ->        • value                                         (0)
value               ->        • object                                        (0)
value               ->        • array                                         (0)
value               ->        • STRING                                        (0)
value               ->        • NUMBER                                        (0)
value               ->        • BOOLEAN                                       (0)
value               ->        • NULL                                          (0)
object              ->        • CURLY_OPEN CURLY_CLOSE                        (0)
object              ->        • CURLY_OPEN members CURLY_CLOSE                (0)
array               ->        • ARRAY_OPEN ARRAY_CLOSE                        (0)
array               ->        • ARRAY_OPEN elements ARRAY_CLOSE               (0)

=== 1 ===
object              ->        CURLY_OPEN • CURLY_CLOSE                        (0)
object              ->        CURLY_OPEN • members CURLY_CLOSE                (0)
members             ->        • member                                        (1)
members             ->        • member COMMA members                          (1)
member              ->        • STRING COLON element                          (1)

=== 2 ===
member              ->        STRING • COLON element                          (1)

=== 3 ===
member              ->        STRING COLON • element                          (1)
element             ->        • value                                         (3)
value               ->        • object                                        (3)
value               ->        • array                                         (3)
value               ->        • STRING                                        (3)
value               ->        • NUMBER                                        (3)
value               ->        • BOOLEAN                                       (3)
value               ->        • NULL                                          (3)
object              ->        • CURLY_OPEN CURLY_CLOSE                        (3)
object              ->        • CURLY_OPEN members CURLY_CLOSE                (3)
array               ->        • ARRAY_OPEN ARRAY_CLOSE                        (3)
array               ->        • ARRAY_OPEN elements ARRAY_CLOSE               (3)

=== 4 ===
value               ->        STRING •                                        (3)
element             ->        value •                                         (3)
member              ->        STRING COLON element •                          (1)
members             ->        member •                                        (1)
members             ->        member • COMMA members                          (1)
object              ->        CURLY_OPEN members • CURLY_CLOSE                (0)

