First Set:
  FIRST(eml) = { 'ROOT_OPEN' }
  FIRST(value) = { 'ARRAY_TAG_OPEN' 'BOOLEAN' 'NULL' 'NUMBER' 'STRING' 'TAG_OPEN' }
  FIRST(object) = { 'TAG_OPEN' }
  FIRST(members) = { 'TAG_OPEN' }
  FIRST(member) = { 'TAG_OPEN' }
  FIRST(array) = { 'ARRAY_TAG_OPEN' }
  FIRST(elements) = { 'ARRAY_TAG_OPEN' 'BOOLEAN' 'NULL' 'NUMBER' 'STRING' 'TAG_OPEN' }
  FIRST(element) = { 'ARRAY_TAG_OPEN' 'BOOLEAN' 'NULL' 'NUMBER' 'STRING' 'TAG_OPEN' }
  FIRST(S) = { 'ROOT_OPEN' }
________________________________________
ALL ITEM SETS:
Item Set 0 :
  [S -> *eml, EOS]
  [eml -> *ROOT_OPENelementROOT_CLOSE, EOS]
________________________________________
Item Set 1 :
  [S -> eml*, EOS]
________________________________________
Item Set 2 :
  [array -> *ARRAY_TAG_OPENARRAY_TAG_CLOSE, ROOT_CLOSE]
  [array -> *ARRAY_TAG_OPENelementsARRAY_TAG_CLOSE, ROOT_CLOSE]
  [element -> *value, ROOT_CLOSE]
  [eml -> ROOT_OPEN*elementROOT_CLOSE, EOS]
  [object -> *TAG_OPENTAG_CLOSE, ROOT_CLOSE]
  [object -> *TAG_OPENmembersTAG_CLOSE, ROOT_CLOSE]
  [value -> *BOOLEAN, ROOT_CLOSE]
  [value -> *NULL, ROOT_CLOSE]
  [value -> *NUMBER, ROOT_CLOSE]
  [value -> *STRING, ROOT_CLOSE]
  [value -> *array, ROOT_CLOSE]
  [value -> *object, ROOT_CLOSE]
________________________________________
Item Set 3 :
  [element -> value*, ROOT_CLOSE]
________________________________________
Item Set 4 :
  [value -> object*, ROOT_CLOSE]
________________________________________
Item Set 5 :
  [value -> array*, ROOT_CLOSE]
________________________________________
Item Set 6 :
  [eml -> ROOT_OPENelement*ROOT_CLOSE, EOS]
________________________________________
Item Set 7 :
  [member -> *TAG_OPENelementTAG_CLOSE, TAG_CLOSE]
  [member -> *TAG_OPENelementTAG_CLOSE, TAG_OPEN]
  [members -> *member, TAG_CLOSE]
  [members -> *membermembers, TAG_CLOSE]
  [object -> TAG_OPEN*TAG_CLOSE, ROOT_CLOSE]
  [object -> TAG_OPEN*membersTAG_CLOSE, ROOT_CLOSE]
________________________________________
Item Set 8 :
  [array -> *ARRAY_TAG_OPENARRAY_TAG_CLOSE, ARRAY_TAG_CLOSE]
  [array -> *ARRAY_TAG_OPENARRAY_TAG_CLOSE, COMMA]
  [array -> *ARRAY_TAG_OPENelementsARRAY_TAG_CLOSE, ARRAY_TAG_CLOSE]
  [array -> *ARRAY_TAG_OPENelementsARRAY_TAG_CLOSE, COMMA]
  [array -> ARRAY_TAG_OPEN*ARRAY_TAG_CLOSE, ROOT_CLOSE]
  [array -> ARRAY_TAG_OPEN*elementsARRAY_TAG_CLOSE, ROOT_CLOSE]
  [element -> *value, ARRAY_TAG_CLOSE]
  [element -> *value, COMMA]
  [elements -> *element, ARRAY_TAG_CLOSE]
  [elements -> *elementCOMMAelements, ARRAY_TAG_CLOSE]
  [object -> *TAG_OPENTAG_CLOSE, ARRAY_TAG_CLOSE]
  [object -> *TAG_OPENTAG_CLOSE, COMMA]
  [object -> *TAG_OPENmembersTAG_CLOSE, ARRAY_TAG_CLOSE]
  [object -> *TAG_OPENmembersTAG_CLOSE, COMMA]
  [value -> *BOOLEAN, ARRAY_TAG_CLOSE]
  [value -> *BOOLEAN, COMMA]
  [value -> *NULL, ARRAY_TAG_CLOSE]
  [value -> *NULL, COMMA]
  [value -> *NUMBER, ARRAY_TAG_CLOSE]
  [value -> *NUMBER, COMMA]
  [value -> *STRING, ARRAY_TAG_CLOSE]
  [value -> *STRING, COMMA]
  [value -> *array, ARRAY_TAG_CLOSE]
  [value -> *array, COMMA]
  [value -> *object, ARRAY_TAG_CLOSE]
  [value -> *object, COMMA]
________________________________________
Item Set 9 :
  [value -> STRING*, ROOT_CLOSE]
________________________________________
Item Set 10 :
  [value -> NUMBER*, ROOT_CLOSE]
________________________________________
Item Set 11 :
  [value -> BOOLEAN*, ROOT_CLOSE]
________________________________________
Item Set 12 :
  [value -> NULL*, ROOT_CLOSE]
________________________________________
Item Set 13 :
  [eml -> ROOT_OPENelementROOT_CLOSE*, EOS]
________________________________________
Item Set 14 :
  [object -> TAG_OPENmembers*TAG_CLOSE, ROOT_CLOSE]
________________________________________
Item Set 15 :
  [member -> *TAG_OPENelementTAG_CLOSE, TAG_CLOSE]
  [member -> *TAG_OPENelementTAG_CLOSE, TAG_OPEN]
  [members -> *member, TAG_CLOSE]
  [members -> *membermembers, TAG_CLOSE]
  [members -> member*, TAG_CLOSE]
  [members -> member*members, TAG_CLOSE]
________________________________________
Item Set 16 :
  [array -> *ARRAY_TAG_OPENARRAY_TAG_CLOSE, TAG_CLOSE]
  [array -> *ARRAY_TAG_OPENelementsARRAY_TAG_CLOSE, TAG_CLOSE]
  [element -> *value, TAG_CLOSE]
  [member -> TAG_OPEN*elementTAG_CLOSE, TAG_CLOSE]
  [member -> TAG_OPEN*elementTAG_CLOSE, TAG_OPEN]
  [object -> *TAG_OPENTAG_CLOSE, TAG_CLOSE]
  [object -> *TAG_OPENmembersTAG_CLOSE, TAG_CLOSE]
  [value -> *BOOLEAN, TAG_CLOSE]
  [value -> *NULL, TAG_CLOSE]
  [value -> *NUMBER, TAG_CLOSE]
  [value -> *STRING, TAG_CLOSE]
  [value -> *array, TAG_CLOSE]
  [value -> *object, TAG_CLOSE]
________________________________________
Item Set 17 :
  [object -> TAG_OPENTAG_CLOSE*, ROOT_CLOSE]
________________________________________
Item Set 18 :
  [element -> value*, ARRAY_TAG_CLOSE]
  [element -> value*, COMMA]
________________________________________
Item Set 19 :
  [value -> object*, ARRAY_TAG_CLOSE]
  [value -> object*, COMMA]
________________________________________
Item Set 20 :
  [value -> array*, ARRAY_TAG_CLOSE]
  [value -> array*, COMMA]
________________________________________
Item Set 21 :
  [array -> ARRAY_TAG_OPENelements*ARRAY_TAG_CLOSE, ROOT_CLOSE]
________________________________________
Item Set 22 :
  [elements -> element*, ARRAY_TAG_CLOSE]
  [elements -> element*COMMAelements, ARRAY_TAG_CLOSE]
________________________________________
Item Set 23 :
  [member -> *TAG_OPENelementTAG_CLOSE, TAG_CLOSE]
  [member -> *TAG_OPENelementTAG_CLOSE, TAG_OPEN]
  [members -> *member, TAG_CLOSE]
  [members -> *membermembers, TAG_CLOSE]
  [object -> TAG_OPEN*TAG_CLOSE, ARRAY_TAG_CLOSE]
  [object -> TAG_OPEN*TAG_CLOSE, COMMA]
  [object -> TAG_OPEN*membersTAG_CLOSE, ARRAY_TAG_CLOSE]
  [object -> TAG_OPEN*membersTAG_CLOSE, COMMA]
________________________________________
Item Set 24 :
  [array -> *ARRAY_TAG_OPENARRAY_TAG_CLOSE, ARRAY_TAG_CLOSE]
  [array -> *ARRAY_TAG_OPENARRAY_TAG_CLOSE, COMMA]
  [array -> *ARRAY_TAG_OPENelementsARRAY_TAG_CLOSE, ARRAY_TAG_CLOSE]
  [array -> *ARRAY_TAG_OPENelementsARRAY_TAG_CLOSE, COMMA]
  [array -> ARRAY_TAG_OPEN*ARRAY_TAG_CLOSE, ARRAY_TAG_CLOSE]
  [array -> ARRAY_TAG_OPEN*ARRAY_TAG_CLOSE, COMMA]
  [array -> ARRAY_TAG_OPEN*elementsARRAY_TAG_CLOSE, ARRAY_TAG_CLOSE]
  [array -> ARRAY_TAG_OPEN*elementsARRAY_TAG_CLOSE, COMMA]
  [element -> *value, ARRAY_TAG_CLOSE]
  [element -> *value, COMMA]
  [elements -> *element, ARRAY_TAG_CLOSE]
  [elements -> *elementCOMMAelements, ARRAY_TAG_CLOSE]
  [object -> *TAG_OPENTAG_CLOSE, ARRAY_TAG_CLOSE]
  [object -> *TAG_OPENTAG_CLOSE, COMMA]
  [object -> *TAG_OPENmembersTAG_CLOSE, ARRAY_TAG_CLOSE]
  [object -> *TAG_OPENmembersTAG_CLOSE, COMMA]
  [value -> *BOOLEAN, ARRAY_TAG_CLOSE]
  [value -> *BOOLEAN, COMMA]
  [value -> *NULL, ARRAY_TAG_CLOSE]
  [value -> *NULL, COMMA]
  [value -> *NUMBER, ARRAY_TAG_CLOSE]
  [value -> *NUMBER, COMMA]
  [value -> *STRING, ARRAY_TAG_CLOSE]
  [value -> *STRING, COMMA]
  [value -> *array, ARRAY_TAG_CLOSE]
  [value -> *array, COMMA]
  [value -> *object, ARRAY_TAG_CLOSE]
  [value -> *object, COMMA]
________________________________________
Item Set 25 :
  [array -> ARRAY_TAG_OPENARRAY_TAG_CLOSE*, ROOT_CLOSE]
________________________________________
Item Set 26 :
  [value -> STRING*, ARRAY_TAG_CLOSE]
  [value -> STRING*, COMMA]
________________________________________
Item Set 27 :
  [value -> NUMBER*, ARRAY_TAG_CLOSE]
  [value -> NUMBER*, COMMA]
________________________________________
Item Set 28 :
  [value -> BOOLEAN*, ARRAY_TAG_CLOSE]
  [value -> BOOLEAN*, COMMA]
________________________________________
Item Set 29 :
  [value -> NULL*, ARRAY_TAG_CLOSE]
  [value -> NULL*, COMMA]
________________________________________
Item Set 30 :
  [object -> TAG_OPENmembersTAG_CLOSE*, ROOT_CLOSE]
________________________________________
Item Set 31 :
  [members -> membermembers*, TAG_CLOSE]
________________________________________
Item Set 32 :
  [element -> value*, TAG_CLOSE]
________________________________________
Item Set 33 :
  [value -> object*, TAG_CLOSE]
________________________________________
Item Set 34 :
  [value -> array*, TAG_CLOSE]
________________________________________
Item Set 35 :
  [member -> TAG_OPENelement*TAG_CLOSE, TAG_CLOSE]
  [member -> TAG_OPENelement*TAG_CLOSE, TAG_OPEN]
________________________________________
Item Set 36 :
  [member -> *TAG_OPENelementTAG_CLOSE, TAG_CLOSE]
  [member -> *TAG_OPENelementTAG_CLOSE, TAG_OPEN]
  [members -> *member, TAG_CLOSE]
  [members -> *membermembers, TAG_CLOSE]
  [object -> TAG_OPEN*TAG_CLOSE, TAG_CLOSE]
  [object -> TAG_OPEN*membersTAG_CLOSE, TAG_CLOSE]
________________________________________
Item Set 37 :
  [array -> *ARRAY_TAG_OPENARRAY_TAG_CLOSE, ARRAY_TAG_CLOSE]
  [array -> *ARRAY_TAG_OPENARRAY_TAG_CLOSE, COMMA]
  [array -> *ARRAY_TAG_OPENelementsARRAY_TAG_CLOSE, ARRAY_TAG_CLOSE]
  [array -> *ARRAY_TAG_OPENelementsARRAY_TAG_CLOSE, COMMA]
  [array -> ARRAY_TAG_OPEN*ARRAY_TAG_CLOSE, TAG_CLOSE]
  [array -> ARRAY_TAG_OPEN*elementsARRAY_TAG_CLOSE, TAG_CLOSE]
  [element -> *value, ARRAY_TAG_CLOSE]
  [element -> *value, COMMA]
  [elements -> *element, ARRAY_TAG_CLOSE]
  [elements -> *elementCOMMAelements, ARRAY_TAG_CLOSE]
  [object -> *TAG_OPENTAG_CLOSE, ARRAY_TAG_CLOSE]
  [object -> *TAG_OPENTAG_CLOSE, COMMA]
  [object -> *TAG_OPENmembersTAG_CLOSE, ARRAY_TAG_CLOSE]
  [object -> *TAG_OPENmembersTAG_CLOSE, COMMA]
  [value -> *BOOLEAN, ARRAY_TAG_CLOSE]
  [value -> *BOOLEAN, COMMA]
  [value -> *NULL, ARRAY_TAG_CLOSE]
  [value -> *NULL, COMMA]
  [value -> *NUMBER, ARRAY_TAG_CLOSE]
  [value -> *NUMBER, COMMA]
  [value -> *STRING, ARRAY_TAG_CLOSE]
  [value -> *STRING, COMMA]
  [value -> *array, ARRAY_TAG_CLOSE]
  [value -> *array, COMMA]
  [value -> *object, ARRAY_TAG_CLOSE]
  [value -> *object, COMMA]
________________________________________
Item Set 38 :
  [value -> STRING*, TAG_CLOSE]
________________________________________
Item Set 39 :
  [value -> NUMBER*, TAG_CLOSE]
________________________________________
Item Set 40 :
  [value -> BOOLEAN*, TAG_CLOSE]
________________________________________
Item Set 41 :
  [value -> NULL*, TAG_CLOSE]
________________________________________
Item Set 42 :
  [array -> ARRAY_TAG_OPENelementsARRAY_TAG_CLOSE*, ROOT_CLOSE]
________________________________________
Item Set 43 :
  [array -> *ARRAY_TAG_OPENARRAY_TAG_CLOSE, ARRAY_TAG_CLOSE]
  [array -> *ARRAY_TAG_OPENARRAY_TAG_CLOSE, COMMA]
  [array -> *ARRAY_TAG_OPENelementsARRAY_TAG_CLOSE, ARRAY_TAG_CLOSE]
  [array -> *ARRAY_TAG_OPENelementsARRAY_TAG_CLOSE, COMMA]
  [element -> *value, ARRAY_TAG_CLOSE]
  [element -> *value, COMMA]
  [elements -> *element, ARRAY_TAG_CLOSE]
  [elements -> *elementCOMMAelements, ARRAY_TAG_CLOSE]
  [elements -> elementCOMMA*elements, ARRAY_TAG_CLOSE]
  [object -> *TAG_OPENTAG_CLOSE, ARRAY_TAG_CLOSE]
  [object -> *TAG_OPENTAG_CLOSE, COMMA]
  [object -> *TAG_OPENmembersTAG_CLOSE, ARRAY_TAG_CLOSE]
  [object -> *TAG_OPENmembersTAG_CLOSE, COMMA]
  [value -> *BOOLEAN, ARRAY_TAG_CLOSE]
  [value -> *BOOLEAN, COMMA]
  [value -> *NULL, ARRAY_TAG_CLOSE]
  [value -> *NULL, COMMA]
  [value -> *NUMBER, ARRAY_TAG_CLOSE]
  [value -> *NUMBER, COMMA]
  [value -> *STRING, ARRAY_TAG_CLOSE]
  [value -> *STRING, COMMA]
  [value -> *array, ARRAY_TAG_CLOSE]
  [value -> *array, COMMA]
  [value -> *object, ARRAY_TAG_CLOSE]
  [value -> *object, COMMA]
________________________________________
Item Set 44 :
  [object -> TAG_OPENmembers*TAG_CLOSE, ARRAY_TAG_CLOSE]
  [object -> TAG_OPENmembers*TAG_CLOSE, COMMA]
________________________________________
Item Set 45 :
  [object -> TAG_OPENTAG_CLOSE*, ARRAY_TAG_CLOSE]
  [object -> TAG_OPENTAG_CLOSE*, COMMA]
________________________________________
Item Set 46 :
  [array -> ARRAY_TAG_OPENelements*ARRAY_TAG_CLOSE, ARRAY_TAG_CLOSE]
  [array -> ARRAY_TAG_OPENelements*ARRAY_TAG_CLOSE, COMMA]
________________________________________
Item Set 47 :
  [array -> ARRAY_TAG_OPENARRAY_TAG_CLOSE*, ARRAY_TAG_CLOSE]
  [array -> ARRAY_TAG_OPENARRAY_TAG_CLOSE*, COMMA]
________________________________________
Item Set 48 :
  [member -> TAG_OPENelementTAG_CLOSE*, TAG_CLOSE]
  [member -> TAG_OPENelementTAG_CLOSE*, TAG_OPEN]
________________________________________
Item Set 49 :
  [object -> TAG_OPENmembers*TAG_CLOSE, TAG_CLOSE]
________________________________________
Item Set 50 :
  [object -> TAG_OPENTAG_CLOSE*, TAG_CLOSE]
________________________________________
Item Set 51 :
  [array -> ARRAY_TAG_OPENelements*ARRAY_TAG_CLOSE, TAG_CLOSE]
________________________________________
Item Set 52 :
  [array -> ARRAY_TAG_OPENARRAY_TAG_CLOSE*, TAG_CLOSE]
________________________________________
Item Set 53 :
  [elements -> elementCOMMAelements*, ARRAY_TAG_CLOSE]
________________________________________
Item Set 54 :
  [object -> TAG_OPENmembersTAG_CLOSE*, ARRAY_TAG_CLOSE]
  [object -> TAG_OPENmembersTAG_CLOSE*, COMMA]
________________________________________
Item Set 55 :
  [array -> ARRAY_TAG_OPENelementsARRAY_TAG_CLOSE*, ARRAY_TAG_CLOSE]
  [array -> ARRAY_TAG_OPENelementsARRAY_TAG_CLOSE*, COMMA]
________________________________________
Item Set 56 :
  [object -> TAG_OPENmembersTAG_CLOSE*, TAG_CLOSE]
________________________________________
Item Set 57 :
  [array -> ARRAY_TAG_OPENelementsARRAY_TAG_CLOSE*, TAG_CLOSE]
________________________________________
GOTO TABLE:
  GOTO(0, ROOT_OPEN) = 2
  GOTO(0, eml) = 1
  GOTO(2, ARRAY_TAG_OPEN) = 8
  GOTO(2, BOOLEAN) = 11
  GOTO(2, NULL) = 12
  GOTO(2, NUMBER) = 10
  GOTO(2, STRING) = 9
  GOTO(2, TAG_OPEN) = 7
  GOTO(2, array) = 5
  GOTO(2, element) = 6
  GOTO(2, object) = 4
  GOTO(2, value) = 3
  GOTO(6, ROOT_CLOSE) = 13
  GOTO(7, TAG_CLOSE) = 17
  GOTO(7, TAG_OPEN) = 16
  GOTO(7, member) = 15
  GOTO(7, members) = 14
  GOTO(8, ARRAY_TAG_CLOSE) = 25
  GOTO(8, ARRAY_TAG_OPEN) = 24
  GOTO(8, BOOLEAN) = 28
  GOTO(8, NULL) = 29
  GOTO(8, NUMBER) = 27
  GOTO(8, STRING) = 26
  GOTO(8, TAG_OPEN) = 23
  GOTO(8, array) = 20
  GOTO(8, element) = 22
  GOTO(8, elements) = 21
  GOTO(8, object) = 19
  GOTO(8, value) = 18
  GOTO(14, TAG_CLOSE) = 30
  GOTO(15, TAG_OPEN) = 16
  GOTO(15, member) = 15
  GOTO(15, members) = 31
  GOTO(16, ARRAY_TAG_OPEN) = 37
  GOTO(16, BOOLEAN) = 40
  GOTO(16, NULL) = 41
  GOTO(16, NUMBER) = 39
  GOTO(16, STRING) = 38
  GOTO(16, TAG_OPEN) = 36
  GOTO(16, array) = 34
  GOTO(16, element) = 35
  GOTO(16, object) = 33
  GOTO(16, value) = 32
  GOTO(21, ARRAY_TAG_CLOSE) = 42
  GOTO(22, COMMA) = 43
  GOTO(23, TAG_CLOSE) = 45
  GOTO(23, TAG_OPEN) = 16
  GOTO(23, member) = 15
  GOTO(23, members) = 44
  GOTO(24, ARRAY_TAG_CLOSE) = 47
  GOTO(24, ARRAY_TAG_OPEN) = 24
  GOTO(24, BOOLEAN) = 28
  GOTO(24, NULL) = 29
  GOTO(24, NUMBER) = 27
  GOTO(24, STRING) = 26
  GOTO(24, TAG_OPEN) = 23
  GOTO(24, array) = 20
  GOTO(24, element) = 22
  GOTO(24, elements) = 46
  GOTO(24, object) = 19
  GOTO(24, value) = 18
  GOTO(35, TAG_CLOSE) = 48
  GOTO(36, TAG_CLOSE) = 50
  GOTO(36, TAG_OPEN) = 16
  GOTO(36, member) = 15
  GOTO(36, members) = 49
  GOTO(37, ARRAY_TAG_CLOSE) = 52
  GOTO(37, ARRAY_TAG_OPEN) = 24
  GOTO(37, BOOLEAN) = 28
  GOTO(37, NULL) = 29
  GOTO(37, NUMBER) = 27
  GOTO(37, STRING) = 26
  GOTO(37, TAG_OPEN) = 23
  GOTO(37, array) = 20
  GOTO(37, element) = 22
  GOTO(37, elements) = 51
  GOTO(37, object) = 19
  GOTO(37, value) = 18
  GOTO(43, ARRAY_TAG_OPEN) = 24
  GOTO(43, BOOLEAN) = 28
  GOTO(43, NULL) = 29
  GOTO(43, NUMBER) = 27
  GOTO(43, STRING) = 26
  GOTO(43, TAG_OPEN) = 23
  GOTO(43, array) = 20
  GOTO(43, element) = 22
  GOTO(43, elements) = 53
  GOTO(43, object) = 19
  GOTO(43, value) = 18
  GOTO(44, TAG_CLOSE) = 54
  GOTO(46, ARRAY_TAG_CLOSE) = 55
  GOTO(49, TAG_CLOSE) = 56
  GOTO(51, ARRAY_TAG_CLOSE) = 57
________________________________________
ACTION TABLE:
  ACTION(0, ROOT_OPEN) = shift2
  ACTION(1, EOS) = accept
  ACTION(2, ARRAY_TAG_OPEN) = shift8
  ACTION(2, BOOLEAN) = shift11
  ACTION(2, NULL) = shift12
  ACTION(2, NUMBER) = shift10
  ACTION(2, STRING) = shift9
  ACTION(2, TAG_OPEN) = shift7
  ACTION(3, ROOT_CLOSE) = reduceelement->value*
  ACTION(4, ROOT_CLOSE) = reducevalue->object*
  ACTION(5, ROOT_CLOSE) = reducevalue->array*
  ACTION(6, ROOT_CLOSE) = shift13
  ACTION(7, TAG_CLOSE) = shift17
  ACTION(7, TAG_OPEN) = shift16
  ACTION(8, ARRAY_TAG_CLOSE) = shift25
  ACTION(8, ARRAY_TAG_OPEN) = shift24
  ACTION(8, BOOLEAN) = shift28
  ACTION(8, NULL) = shift29
  ACTION(8, NUMBER) = shift27
  ACTION(8, STRING) = shift26
  ACTION(8, TAG_OPEN) = shift23
  ACTION(9, ROOT_CLOSE) = reducevalue->STRING*
  ACTION(10, ROOT_CLOSE) = reducevalue->NUMBER*
  ACTION(11, ROOT_CLOSE) = reducevalue->BOOLEAN*
  ACTION(12, ROOT_CLOSE) = reducevalue->NULL*
  ACTION(13, EOS) = reduceeml->ROOT_OPENelementROOT_CLOSE*
  ACTION(14, TAG_CLOSE) = shift30
  ACTION(15, TAG_CLOSE) = reducemembers->member*
  ACTION(15, TAG_OPEN) = shift16
  ACTION(16, ARRAY_TAG_OPEN) = shift37
  ACTION(16, BOOLEAN) = shift40
  ACTION(16, NULL) = shift41
  ACTION(16, NUMBER) = shift39
  ACTION(16, STRING) = shift38
  ACTION(16, TAG_OPEN) = shift36
  ACTION(17, ROOT_CLOSE) = reduceobject->TAG_OPENTAG_CLOSE*
  ACTION(18, ARRAY_TAG_CLOSE) = reduceelement->value*
  ACTION(18, COMMA) = reduceelement->value*
  ACTION(19, ARRAY_TAG_CLOSE) = reducevalue->object*
  ACTION(19, COMMA) = reducevalue->object*
  ACTION(20, ARRAY_TAG_CLOSE) = reducevalue->array*
  ACTION(20, COMMA) = reducevalue->array*
  ACTION(21, ARRAY_TAG_CLOSE) = shift42
  ACTION(22, ARRAY_TAG_CLOSE) = reduceelements->element*
  ACTION(22, COMMA) = shift43
  ACTION(23, TAG_CLOSE) = shift45
  ACTION(23, TAG_OPEN) = shift16
  ACTION(24, ARRAY_TAG_CLOSE) = shift47
  ACTION(24, ARRAY_TAG_OPEN) = shift24
  ACTION(24, BOOLEAN) = shift28
  ACTION(24, NULL) = shift29
  ACTION(24, NUMBER) = shift27
  ACTION(24, STRING) = shift26
  ACTION(24, TAG_OPEN) = shift23
  ACTION(25, ROOT_CLOSE) = reducearray->ARRAY_TAG_OPENARRAY_TAG_CLOSE*
  ACTION(26, ARRAY_TAG_CLOSE) = reducevalue->STRING*
  ACTION(26, COMMA) = reducevalue->STRING*
  ACTION(27, ARRAY_TAG_CLOSE) = reducevalue->NUMBER*
  ACTION(27, COMMA) = reducevalue->NUMBER*
  ACTION(28, ARRAY_TAG_CLOSE) = reducevalue->BOOLEAN*
  ACTION(28, COMMA) = reducevalue->BOOLEAN*
  ACTION(29, ARRAY_TAG_CLOSE) = reducevalue->NULL*
  ACTION(29, COMMA) = reducevalue->NULL*
  ACTION(30, ROOT_CLOSE) = reduceobject->TAG_OPENmembersTAG_CLOSE*
  ACTION(31, TAG_CLOSE) = reducemembers->membermembers*
  ACTION(32, TAG_CLOSE) = reduceelement->value*
  ACTION(33, TAG_CLOSE) = reducevalue->object*
  ACTION(34, TAG_CLOSE) = reducevalue->array*
  ACTION(35, TAG_CLOSE) = shift48
  ACTION(36, TAG_CLOSE) = shift50
  ACTION(36, TAG_OPEN) = shift16
  ACTION(37, ARRAY_TAG_CLOSE) = shift52
  ACTION(37, ARRAY_TAG_OPEN) = shift24
  ACTION(37, BOOLEAN) = shift28
  ACTION(37, NULL) = shift29
  ACTION(37, NUMBER) = shift27
  ACTION(37, STRING) = shift26
  ACTION(37, TAG_OPEN) = shift23
  ACTION(38, TAG_CLOSE) = reducevalue->STRING*
  ACTION(39, TAG_CLOSE) = reducevalue->NUMBER*
  ACTION(40, TAG_CLOSE) = reducevalue->BOOLEAN*
  ACTION(41, TAG_CLOSE) = reducevalue->NULL*
  ACTION(42, ROOT_CLOSE) = reducearray->ARRAY_TAG_OPENelementsARRAY_TAG_CLOSE*
  ACTION(43, ARRAY_TAG_OPEN) = shift24
  ACTION(43, BOOLEAN) = shift28
  ACTION(43, NULL) = shift29
  ACTION(43, NUMBER) = shift27
  ACTION(43, STRING) = shift26
  ACTION(43, TAG_OPEN) = shift23
  ACTION(44, TAG_CLOSE) = shift54
  ACTION(45, ARRAY_TAG_CLOSE) = reduceobject->TAG_OPENTAG_CLOSE*
  ACTION(45, COMMA) = reduceobject->TAG_OPENTAG_CLOSE*
  ACTION(46, ARRAY_TAG_CLOSE) = shift55
  ACTION(47, ARRAY_TAG_CLOSE) = reducearray->ARRAY_TAG_OPENARRAY_TAG_CLOSE*
  ACTION(47, COMMA) = reducearray->ARRAY_TAG_OPENARRAY_TAG_CLOSE*
  ACTION(48, TAG_CLOSE) = reducemember->TAG_OPENelementTAG_CLOSE*
  ACTION(48, TAG_OPEN) = reducemember->TAG_OPENelementTAG_CLOSE*
  ACTION(49, TAG_CLOSE) = shift56
  ACTION(50, TAG_CLOSE) = reduceobject->TAG_OPENTAG_CLOSE*
  ACTION(51, ARRAY_TAG_CLOSE) = shift57
  ACTION(52, TAG_CLOSE) = reducearray->ARRAY_TAG_OPENARRAY_TAG_CLOSE*
  ACTION(53, ARRAY_TAG_CLOSE) = reduceelements->elementCOMMAelements*
  ACTION(54, ARRAY_TAG_CLOSE) = reduceobject->TAG_OPENmembersTAG_CLOSE*
  ACTION(54, COMMA) = reduceobject->TAG_OPENmembersTAG_CLOSE*
  ACTION(55, ARRAY_TAG_CLOSE) = reducearray->ARRAY_TAG_OPENelementsARRAY_TAG_CLOSE*
  ACTION(55, COMMA) = reducearray->ARRAY_TAG_OPENelementsARRAY_TAG_CLOSE*
  ACTION(56, TAG_CLOSE) = reduceobject->TAG_OPENmembersTAG_CLOSE*
  ACTION(57, TAG_CLOSE) = reducearray->ARRAY_TAG_OPENelementsARRAY_TAG_CLOSE*
________________________________________
