(1, 1):         [                                       [ARRAY_OPEN]
(2, 3):         {                                       [CURLY_OPEN]
(2, 4):         ""                                      [STRING]
(2, 6):         :                                       [COLON]
(2, 8):         "string1"                               [STRING]
(2, 17):        }                                       [CURLY_CLOSE]
(2, 18):        ,                                       [COMMA]
(3, 3):         {                                       [CURLY_OPEN]
(3, 4):         "key2"                                  [STRING]
(3, 11):        :                                       [COLON]
(3, 12):        "stri[ng2"                              [INVALID_STRING_DISALLOWED_CHARACTERS]
(3, 22):        }                                       [CURLY_CLOSE]
(3, 23):        ,                                       [COMMA]
(4, 3):         t                                       [UNKNOWN]
(4, 4):         u                                       [UNKNOWN]
(4, 5):         e                                       [UNKNOWN]
(4, 6):         ,                                       [COMMA]
(5, 3):         -5.0E-5                                 [NUMBER]
(5, 10):        ,                                       [COMMA]
(6, 3):         null                                    [NULL]
(6, 7):         ,                                       [COMMA]
(7, 3):         "null,                                  [INVALID_STRING_MISSING_QUOTE]
(8, 3):         false                                   [BOOLEAN]
(8, 8):         ,                                       [COMMA]
(9, 3):         {                                       [CURLY_OPEN]
(9, 4):         "key3"                                  [STRING]
(9, 10):        :                                       [COLON]
(9, 12):        -05.0E-020                              [INVALID_NUMBER]
(9, 22):        }                                       [CURLY_CLOSE]
(9, 23):        ,                                       [COMMA]
(10, 3):        [                                       [ARRAY_OPEN]
(11, 5):        {                                       [CURLY_OPEN]
(11, 6):        "key4"                                  [STRING]
(11, 12):       :                                       [COLON]
(11, 14):       true                                    [BOOLEAN]
(11, 18):       }                                       [CURLY_CLOSE]
(11, 19):       ,                                       [COMMA]
(12, 5):        "This is another string!"               [STRING]
(13, 3):        ]                                       [ARRAY_CLOSE]
(14, 1):        ]                                       [ARRAY_CLOSE]
(15, 1):        "tink                                   [INVALID_STRING_MISSING_QUOTE]
(16, 1):        0.2                                     [NUMBER]
